[] => count is required
[0] => 
[1] => 
[3] => 
[5] => FIVE IS OUTRIGHT
[12] => WAY TOO MANY PIGS
