{
  "ErrorMessage": null,
  "Teams": [
    {
      "Center": "Center",
      "CornerBack": "CornerBack",
      "DefensiveEnd": "DefensiveEnd",
      "DefensiveTackle": "DefensiveTackle",
      "LineBacker": "LineBacker",
      "OffensiveGuard": "OffensiveGuard",
      "OffensiveTackle": "OffensiveTackle",
      "QuarterBack": "QuarterBack",
      "RunningBack": "RunningBack",
      "Safety": "Safety",
      "TightEnd": "TightEnd",
      "WideReciever": "WideReciever"
    },
    {
      "Center": "Center",
      "CornerBack": "CornerBack",
      "DefensiveEnd": "DefensiveEnd",
      "DefensiveTackle": "DefensiveTackle",
      "LineBacker": "LineBacker",
      "OffensiveGuard": "OffensiveGuard",
      "OffensiveTackle": "OffensiveTackle",
      "QuarterBack": "QuarterBack",
      "RunningBack": "RunningBack",
      "Safety": "Safety",
      "TightEnd": "TightEnd",
      "WideReciever": "WideReciever"
    },
    {
      "Center": "Center",
      "CornerBack": "CornerBack",
      "DefensiveEnd": "DefensiveEnd",
      "DefensiveTackle": "DefensiveTackle",
      "LineBacker": "LineBacker",
      "OffensiveGuard": "OffensiveGuard",
      "OffensiveTackle": "OffensiveTackle",
      "QuarterBack": "QuarterBack",
      "RunningBack": "RunningBack",
      "Safety": "Safety",
      "TightEnd": "TightEnd",
      "WideReciever": "WideReciever"
    },
    {
      "Center": "Center",
      "CornerBack": "CornerBack",
      "DefensiveEnd": "DefensiveEnd",
      "DefensiveTackle": "DefensiveTackle",
      "LineBacker": "LineBacker",
      "OffensiveGuard": "OffensiveGuard",
      "OffensiveTackle": "OffensiveTackle",
      "QuarterBack": "QuarterBack",
      "RunningBack": "RunningBack",
      "Safety": "Safety",
      "TightEnd": "TightEnd",
      "WideReciever": "WideReciever"
    },
    {
      "Center": "Center",
      "CornerBack": "CornerBack",
      "DefensiveEnd": "DefensiveEnd",
      "DefensiveTackle": "DefensiveTackle",
      "LineBacker": "LineBacker",
      "OffensiveGuard": "OffensiveGuard",
      "OffensiveTackle": "OffensiveTackle",
      "QuarterBack": "QuarterBack",
      "RunningBack": "RunningBack",
      "Safety": "Safety",
      "TightEnd": "TightEnd",
      "WideReciever": "WideReciever"
    },
    {
      "Center": "Center",
      "CornerBack": "CornerBack",
      "DefensiveEnd": "DefensiveEnd",
      "DefensiveTackle": "DefensiveTackle",
      "LineBacker": "LineBacker",
      "OffensiveGuard": "OffensiveGuard",
      "OffensiveTackle": "OffensiveTackle",
      "QuarterBack": "QuarterBack",
      "RunningBack": "RunningBack",
      "Safety": "Safety",
      "TightEnd": "TightEnd",
      "WideReciever": "WideReciever"
    },
    {
      "Center": "Center",
      "CornerBack": "CornerBack",
      "DefensiveEnd": "DefensiveEnd",
      "DefensiveTackle": "DefensiveTackle",
      "LineBacker": "LineBacker",
      "OffensiveGuard": "OffensiveGuard",
      "OffensiveTackle": "OffensiveTackle",
      "QuarterBack": "QuarterBack",
      "RunningBack": "RunningBack",
      "Safety": "Safety",
      "TightEnd": "TightEnd",
      "WideReciever": "WideReciever"
    },
    {
      "Center": "Center",
      "CornerBack": "CornerBack",
      "DefensiveEnd": "DefensiveEnd",
      "DefensiveTackle": "DefensiveTackle",
      "LineBacker": "LineBacker",
      "OffensiveGuard": "OffensiveGuard",
      "OffensiveTackle": "OffensiveTackle",
      "QuarterBack": "QuarterBack",
      "RunningBack": "RunningBack",
      "Safety": "Safety",
      "TightEnd": "TightEnd",
      "WideReciever": "WideReciever"
    },
    {
      "Center": "Center",
      "CornerBack": "CornerBack",
      "DefensiveEnd": "DefensiveEnd",
      "DefensiveTackle": "DefensiveTackle",
      "LineBacker": "LineBacker",
      "OffensiveGuard": "OffensiveGuard",
      "OffensiveTackle": "OffensiveTackle",
      "QuarterBack": "QuarterBack",
      "RunningBack": "RunningBack",
      "Safety": "Safety",
      "TightEnd": "TightEnd",
      "WideReciever": "WideReciever"
    },
    {
      "Center": "Center",
      "CornerBack": "CornerBack",
      "DefensiveEnd": "DefensiveEnd",
      "DefensiveTackle": "DefensiveTackle",
      "LineBacker": "LineBacker",
      "OffensiveGuard": "OffensiveGuard",
      "OffensiveTackle": "OffensiveTackle",
      "QuarterBack": "QuarterBack",
      "RunningBack": "RunningBack",
      "Safety": "Safety",
      "TightEnd": "TightEnd",
      "WideReciever": "WideReciever"
    }
  ]
}