<H1>Multiple Approval Test Count Input</H1>
<p>Count is Required</p>
<p>FIVE is OUTRIGHT!</p>
