[
  {
    "ErrorMessage": "Count is Required",
    "Teams": null
  },
  {
    "ErrorMessage": "FIVE is OUTRIGHT!",
    "Teams": null
  }
]