{
  "ErrorMessage": null,
  "Teams": [
    {
      "Center": null,
      "CornerBack": null,
      "DefensiveEnd": null,
      "DefensiveTackle": null,
      "LineBacker": null,
      "OffensiveGuard": null,
      "OffensiveTackle": null,
      "QuarterBack": null,
      "RunningBack": null,
      "Safety": null,
      "TightEnd": null,
      "WideReciever": null
    }
  ]
}