Event: validation started
Event: validation complete
Event: validation started
Event: count greater than one
Event: validation complete
Event: validation started
Event: count greater than one
Message: Three is the number to which you should count
Event: validation complete
Event: validation complete
Event: validation started
Event: count greater than one
Message: count is equal to five
Event: validation complete
Event: validation started
Event: count greater than one
Message: WAY TOO MANY PIGS
Event: validation complete
