{
  "ErrorMessage": null,
  "Pigs": [
    {
      "Back": "Back",
      "Belly": "Belly",
      "Cannon": "Cannon",
      "Cheek": "Cheek",
      "Coffin": "Coffin",
      "Crops": "Crops",
      "Dewclaw": "Dewclaw",
      "Ear": "Ear",
      "FetLock": "FetLock",
      "ForeFlank": "ForeFlank",
      "ForeLeg": "ForeLeg",
      "Ham": "Ham",
      "Hock": "Hock",
      "Jowls": "Jowls",
      "Knee": "Knee",
      "Loin": "Loin",
      "Neck": "Neck",
      "Nostrils": "Nostrils",
      "Pastern": "Pastern",
      "Poll": "Poll",
      "RearFlank": "RearFlank",
      "Rump": "Rump",
      "Sheath": "Sheath",
      "Shoulder": "Shoulder",
      "Snout": "Snout",
      "Stiffle": "Stiffle",
      "Tail": "Tail"
    },
    {
      "Back": "Back",
      "Belly": "Belly",
      "Cannon": "Cannon",
      "Cheek": "Cheek",
      "Coffin": "Coffin",
      "Crops": "Crops",
      "Dewclaw": "Dewclaw",
      "Ear": "Ear",
      "FetLock": "FetLock",
      "ForeFlank": "ForeFlank",
      "ForeLeg": "ForeLeg",
      "Ham": "Ham",
      "Hock": "Hock",
      "Jowls": "Jowls",
      "Knee": "Knee",
      "Loin": "Loin",
      "Neck": "Neck",
      "Nostrils": "Nostrils",
      "Pastern": "Pastern",
      "Poll": "Poll",
      "RearFlank": "RearFlank",
      "Rump": "Rump",
      "Sheath": "Sheath",
      "Shoulder": "Shoulder",
      "Snout": "Snout",
      "Stiffle": "Stiffle",
      "Tail": "Tail"
    },
    {
      "Back": "Back",
      "Belly": "Belly",
      "Cannon": "Cannon",
      "Cheek": "Cheek",
      "Coffin": "Coffin",
      "Crops": "Crops",
      "Dewclaw": "Dewclaw",
      "Ear": "Ear",
      "FetLock": "FetLock",
      "ForeFlank": "ForeFlank",
      "ForeLeg": "ForeLeg",
      "Ham": "Ham",
      "Hock": "Hock",
      "Jowls": "Jowls",
      "Knee": "Knee",
      "Loin": "Loin",
      "Neck": "Neck",
      "Nostrils": "Nostrils",
      "Pastern": "Pastern",
      "Poll": "Poll",
      "RearFlank": "RearFlank",
      "Rump": "Rump",
      "Sheath": "Sheath",
      "Shoulder": "Shoulder",
      "Snout": "Snout",
      "Stiffle": "Stiffle",
      "Tail": "Tail"
    },
    {
      "Back": "Back",
      "Belly": "Belly",
      "Cannon": "Cannon",
      "Cheek": "Cheek",
      "Coffin": "Coffin",
      "Crops": "Crops",
      "Dewclaw": "Dewclaw",
      "Ear": "Ear",
      "FetLock": "FetLock",
      "ForeFlank": "ForeFlank",
      "ForeLeg": "ForeLeg",
      "Ham": "Ham",
      "Hock": "Hock",
      "Jowls": "Jowls",
      "Knee": "Knee",
      "Loin": "Loin",
      "Neck": "Neck",
      "Nostrils": "Nostrils",
      "Pastern": "Pastern",
      "Poll": "Poll",
      "RearFlank": "RearFlank",
      "Rump": "Rump",
      "Sheath": "Sheath",
      "Shoulder": "Shoulder",
      "Snout": "Snout",
      "Stiffle": "Stiffle",
      "Tail": "Tail"
    },
    {
      "Back": "Back",
      "Belly": "Belly",
      "Cannon": "Cannon",
      "Cheek": "Cheek",
      "Coffin": "Coffin",
      "Crops": "Crops",
      "Dewclaw": "Dewclaw",
      "Ear": "Ear",
      "FetLock": "FetLock",
      "ForeFlank": "ForeFlank",
      "ForeLeg": "ForeLeg",
      "Ham": "Ham",
      "Hock": "Hock",
      "Jowls": "Jowls",
      "Knee": "Knee",
      "Loin": "Loin",
      "Neck": "Neck",
      "Nostrils": "Nostrils",
      "Pastern": "Pastern",
      "Poll": "Poll",
      "RearFlank": "RearFlank",
      "Rump": "Rump",
      "Sheath": "Sheath",
      "Shoulder": "Shoulder",
      "Snout": "Snout",
      "Stiffle": "Stiffle",
      "Tail": "Tail"
    },
    {
      "Back": "Back",
      "Belly": "Belly",
      "Cannon": "Cannon",
      "Cheek": "Cheek",
      "Coffin": "Coffin",
      "Crops": "Crops",
      "Dewclaw": "Dewclaw",
      "Ear": "Ear",
      "FetLock": "FetLock",
      "ForeFlank": "ForeFlank",
      "ForeLeg": "ForeLeg",
      "Ham": "Ham",
      "Hock": "Hock",
      "Jowls": "Jowls",
      "Knee": "Knee",
      "Loin": "Loin",
      "Neck": "Neck",
      "Nostrils": "Nostrils",
      "Pastern": "Pastern",
      "Poll": "Poll",
      "RearFlank": "RearFlank",
      "Rump": "Rump",
      "Sheath": "Sheath",
      "Shoulder": "Shoulder",
      "Snout": "Snout",
      "Stiffle": "Stiffle",
      "Tail": "Tail"
    },
    {
      "Back": "Back",
      "Belly": "Belly",
      "Cannon": "Cannon",
      "Cheek": "Cheek",
      "Coffin": "Coffin",
      "Crops": "Crops",
      "Dewclaw": "Dewclaw",
      "Ear": "Ear",
      "FetLock": "FetLock",
      "ForeFlank": "ForeFlank",
      "ForeLeg": "ForeLeg",
      "Ham": "Ham",
      "Hock": "Hock",
      "Jowls": "Jowls",
      "Knee": "Knee",
      "Loin": "Loin",
      "Neck": "Neck",
      "Nostrils": "Nostrils",
      "Pastern": "Pastern",
      "Poll": "Poll",
      "RearFlank": "RearFlank",
      "Rump": "Rump",
      "Sheath": "Sheath",
      "Shoulder": "Shoulder",
      "Snout": "Snout",
      "Stiffle": "Stiffle",
      "Tail": "Tail"
    },
    {
      "Back": "Back",
      "Belly": "Belly",
      "Cannon": "Cannon",
      "Cheek": "Cheek",
      "Coffin": "Coffin",
      "Crops": "Crops",
      "Dewclaw": "Dewclaw",
      "Ear": "Ear",
      "FetLock": "FetLock",
      "ForeFlank": "ForeFlank",
      "ForeLeg": "ForeLeg",
      "Ham": "Ham",
      "Hock": "Hock",
      "Jowls": "Jowls",
      "Knee": "Knee",
      "Loin": "Loin",
      "Neck": "Neck",
      "Nostrils": "Nostrils",
      "Pastern": "Pastern",
      "Poll": "Poll",
      "RearFlank": "RearFlank",
      "Rump": "Rump",
      "Sheath": "Sheath",
      "Shoulder": "Shoulder",
      "Snout": "Snout",
      "Stiffle": "Stiffle",
      "Tail": "Tail"
    },
    {
      "Back": "Back",
      "Belly": "Belly",
      "Cannon": "Cannon",
      "Cheek": "Cheek",
      "Coffin": "Coffin",
      "Crops": "Crops",
      "Dewclaw": "Dewclaw",
      "Ear": "Ear",
      "FetLock": "FetLock",
      "ForeFlank": "ForeFlank",
      "ForeLeg": "ForeLeg",
      "Ham": "Ham",
      "Hock": "Hock",
      "Jowls": "Jowls",
      "Knee": "Knee",
      "Loin": "Loin",
      "Neck": "Neck",
      "Nostrils": "Nostrils",
      "Pastern": "Pastern",
      "Poll": "Poll",
      "RearFlank": "RearFlank",
      "Rump": "Rump",
      "Sheath": "Sheath",
      "Shoulder": "Shoulder",
      "Snout": "Snout",
      "Stiffle": "Stiffle",
      "Tail": "Tail"
    },
    {
      "Back": "Back",
      "Belly": "Belly",
      "Cannon": "Cannon",
      "Cheek": "Cheek",
      "Coffin": "Coffin",
      "Crops": "Crops",
      "Dewclaw": "Dewclaw",
      "Ear": "Ear",
      "FetLock": "FetLock",
      "ForeFlank": "ForeFlank",
      "ForeLeg": "ForeLeg",
      "Ham": "Ham",
      "Hock": "Hock",
      "Jowls": "Jowls",
      "Knee": "Knee",
      "Loin": "Loin",
      "Neck": "Neck",
      "Nostrils": "Nostrils",
      "Pastern": "Pastern",
      "Poll": "Poll",
      "RearFlank": "RearFlank",
      "Rump": "Rump",
      "Sheath": "Sheath",
      "Shoulder": "Shoulder",
      "Snout": "Snout",
      "Stiffle": "Stiffle",
      "Tail": "Tail"
    }
  ]
}