[
  {
    "ErrorMessage": "Count is Required",
    "Pigs": null
  },
  {
    "ErrorMessage": "FIVE is OUTRIGHT!",
    "Pigs": null
  }
]