{
  "ErrorMessage": null,
  "Pigs": [
    {
      "Back": "Back",
      "Belly": "Belly",
      "Cannon": "Cannon",
      "Cheek": "Cheek",
      "Coffin": "Coffin",
      "Crops": "Crops",
      "Dewclaw": "Dewclaw",
      "Ear": "Ear",
      "FetLock": "FetLock",
      "ForeFlank": "ForFlank",
      "ForeLeg": null,
      "Ham": null,
      "Hock": null,
      "Jowls": null,
      "Knee": null,
      "Loin": null,
      "Neck": null,
      "Nostrils": null,
      "Pastern": null,
      "Poll": null,
      "RearFlank": null,
      "Rump": null,
      "Sheath": null,
      "Shoulder": null,
      "Snout": null,
      "Stiffle": null,
      "Tail": null
    },
    {
      "Back": "Back",
      "Belly": "Belly",
      "Cannon": "Cannon",
      "Cheek": "Cheek",
      "Coffin": "Coffin",
      "Crops": "Crops",
      "Dewclaw": "Dewclaw",
      "Ear": "Ear",
      "FetLock": "FetLock",
      "ForeFlank": "ForFlank",
      "ForeLeg": null,
      "Ham": null,
      "Hock": null,
      "Jowls": null,
      "Knee": null,
      "Loin": null,
      "Neck": null,
      "Nostrils": null,
      "Pastern": null,
      "Poll": null,
      "RearFlank": null,
      "Rump": null,
      "Sheath": null,
      "Shoulder": null,
      "Snout": null,
      "Stiffle": null,
      "Tail": null
    },
    {
      "Back": "Back",
      "Belly": "Belly",
      "Cannon": "Cannon",
      "Cheek": "Cheek",
      "Coffin": "Coffin",
      "Crops": "Crops",
      "Dewclaw": "Dewclaw",
      "Ear": "Ear",
      "FetLock": "FetLock",
      "ForeFlank": "ForFlank",
      "ForeLeg": null,
      "Ham": null,
      "Hock": null,
      "Jowls": null,
      "Knee": null,
      "Loin": null,
      "Neck": null,
      "Nostrils": null,
      "Pastern": null,
      "Poll": null,
      "RearFlank": null,
      "Rump": null,
      "Sheath": null,
      "Shoulder": null,
      "Snout": null,
      "Stiffle": null,
      "Tail": null
    }
  ]
}